import
T_STRINGLITERAL "filename.d"
void
T_ID printFuncNameAndLine
(
)
{
Print
(
UNDEFINED_TOKEN